> Task :neoFormListLibraries UP-TO-DATE
> Task :neoFormListTransformLibraries UP-TO-DATE
> Task :cacheVersionManifest1.21.11 UP-TO-DATE
> Task :cacheVersionMappingsClient1.21.11 UP-TO-DATE
> Task :cacheVersionExecutableClient1.21.11 UP-TO-DATE
> Task :neoFormStripClientFinals UP-TO-DATE
> Task :cacheVersionExecutableServer1.21.11 UP-TO-DATE
> Task :neoFormStripServerFinals UP-TO-DATE
> Task :neoFormSetup UP-TO-DATE
> Task :neoFormDecompile UP-TO-DATE
> Task :neoFormInject UP-TO-DATE
> Task :neoFormPatch UP-TO-DATE
> Task :neoFormPatchUserDev UP-TO-DATE
> Task :neoFormTransformSource UP-TO-DATE
> Task :neoFormRecompile UP-TO-DATE
> Task :supplyRawJarForneoFormJoined1.21.11-20251209.172050 UP-TO-DATE
> Task :selectRawArtifactNg_dummy_ng.net.neoforged_neoforge_21.11.21-beta UP-TO-DATE

> Task :compileJava FAILED
.\gradlew : C:\Users\Lazar\Documents\mcmods\Mi-SpaceCraft\src\main\java\com\lazzzzz\mispacecraft\core\registry\ModBiomes.java:6: error: 
cannot find symbol
Au caractère Ligne:1 : 1
+ .\gradlew compileJava 2>&1 | Out-File -FilePath build_errors.txt; Get ...
+ ~~~~~~~~~~~~~~~~~~~~~~~~~~
    + CategoryInfo          : NotSpecified: (C:\Users\Lazar\...not find symbol:String) [], RemoteException
    + FullyQualifiedErrorId : NativeCommandError
 
import net.minecraft.resources.ResourceLocation;
                              ^
  symbol:   class ResourceLocation
  location: package net.minecraft.resources
C:\Users\Lazar\Documents\mcmods\Mi-SpaceCraft\src\main\java\com\lazzzzz\mispacecraft\core\registry\ModDimensions.java:6: error: cannot 
find symbol
import net.minecraft.resources.ResourceLocation;
                              ^
  symbol:   class ResourceLocation
  location: package net.minecraft.resources
C:\Users\Lazar\Documents\mcmods\Mi-SpaceCraft\src\main\java\com\lazzzzz\mispacecraft\datagen\DataGenerators.java:22: error: cannot find 
symbol
@EventBusSubscriber(modid = MiSpaceCraft.MOD_ID, bus = EventBusSubscriber.Bus.MOD)
                                                 ^
  symbol:   method bus()
  location: @interface EventBusSubscriber
C:\Users\Lazar\Documents\mcmods\Mi-SpaceCraft\src\main\java\com\lazzzzz\mispacecraft\datagen\DataGenerators.java:22: error: cannot find 
symbol
@EventBusSubscriber(modid = MiSpaceCraft.MOD_ID, bus = EventBusSubscriber.Bus.MOD)
                                                                         ^
  symbol:   variable Bus
  location: @interface EventBusSubscriber
C:\Users\Lazar\Documents\mcmods\Mi-SpaceCraft\src\main\java\com\lazzzzz\mispacecraft\block\ExampleMachineBlock.java:102: error: method 
does not override or implement a method from a supertype
    @Override
    ^
C:\Users\Lazar\Documents\mcmods\Mi-SpaceCraft\src\main\java\com\lazzzzz\mispacecraft\block\ExampleMachineBlock.java:110: error: cannot 
find symbol
        super.onRemove(state, level, pos, newState, movedByPiston);
             ^
  symbol: method onRemove(BlockState,Level,BlockPos,BlockState,boolean)
C:\Users\Lazar\Documents\mcmods\Mi-SpaceCraft\src\main\java\com\lazzzzz\mispacecraft\blockentity\ExampleMachineBlockEntity.java:40: 
warning: [removal] ItemStackHandler in net.neoforged.neoforge.items has been deprecated and marked for removal
    private final ItemStackHandler inventory = new ItemStackHandler(INVENTORY_SIZE) {
                  ^
C:\Users\Lazar\Documents\mcmods\Mi-SpaceCraft\src\main\java\com\lazzzzz\mispacecraft\blockentity\ExampleMachineBlockEntity.java:40: 
warning: [removal] ItemStackHandler in net.neoforged.neoforge.items has been deprecated and marked for removal
    private final ItemStackHandler inventory = new ItemStackHandler(INVENTORY_SIZE) {
                                                   ^
C:\Users\Lazar\Documents\mcmods\Mi-SpaceCraft\src\main\java\com\lazzzzz\mispacecraft\blockentity\ExampleMachineBlockEntity.java:99: 
warning: [removal] ItemStackHandler in net.neoforged.neoforge.items has been deprecated and marked for removal
    public ItemStackHandler getInventory() {
           ^
C:\Users\Lazar\Documents\mcmods\Mi-SpaceCraft\src\main\java\com\lazzzzz\mispacecraft\blockentity\ExampleMachineBlockEntity.java:139: 
error: method does not override or implement a method from a supertype
    @Override
    ^
C:\Users\Lazar\Documents\mcmods\Mi-SpaceCraft\src\main\java\com\lazzzzz\mispacecraft\blockentity\ExampleMachineBlockEntity.java:141: 
error: method saveAdditional in class BlockEntity cannot be applied to given types;
        super.saveAdditional(tag, registries);
             ^
  required: ValueOutput
  found:    CompoundTag,Provider
  reason: actual and formal argument lists differ in length
C:\Users\Lazar\Documents\mcmods\Mi-SpaceCraft\src\main\java\com\lazzzzz\mispacecraft\blockentity\ExampleMachineBlockEntity.java:149: 
error: cannot find symbol
                items.add(stack.save(registries, itemTag));
                               ^
  symbol:   method save(Provider,CompoundTag)
  location: variable stack of type ItemStack
C:\Users\Lazar\Documents\mcmods\Mi-SpaceCraft\src\main\java\com\lazzzzz\mispacecraft\blockentity\ExampleMachineBlockEntity.java:157: 
error: method does not override or implement a method from a supertype
    @Override
    ^
C:\Users\Lazar\Documents\mcmods\Mi-SpaceCraft\src\main\java\com\lazzzzz\mispacecraft\blockentity\ExampleMachineBlockEntity.java:159: 
error: method loadAdditional in class BlockEntity cannot be applied to given types;
        super.loadAdditional(tag, registries);
             ^
  required: ValueInput
  found:    CompoundTag,Provider
  reason: actual and formal argument lists differ in length
C:\Users\Lazar\Documents\mcmods\Mi-SpaceCraft\src\main\java\com\lazzzzz\mispacecraft\blockentity\ExampleMachineBlockEntity.java:162: 
error: method getList in class CompoundTag cannot be applied to given types;
            ListTag items = tag.getList("inventory", 10); // 10 = CompoundTag
                               ^
  required: String
  found:    String,int
  reason: actual and formal argument lists differ in length
C:\Users\Lazar\Documents\mcmods\Mi-SpaceCraft\src\main\java\com\lazzzzz\mispacecraft\blockentity\ExampleMachineBlockEntity.java:164: 
error: incompatible types: Optional<CompoundTag> cannot be converted to CompoundTag
                CompoundTag itemTag = items.getCompound(i);
                                                       ^
C:\Users\Lazar\Documents\mcmods\Mi-SpaceCraft\src\main\java\com\lazzzzz\mispacecraft\blockentity\ExampleMachineBlockEntity.java:165: 
error: incompatible types: Optional<Integer> cannot be converted to int
                int slot = itemTag.getInt("Slot");
                                         ^
C:\Users\Lazar\Documents\mcmods\Mi-SpaceCraft\src\main\java\com\lazzzzz\mispacecraft\blockentity\ExampleMachineBlockEntity.java:167: 
error: cannot find symbol
                    inventory.setStackInSlot(slot, ItemStack.parse(registries, itemTag).orElse(ItemStack.EMPTY));
                                                            ^
  symbol:   method parse(Provider,CompoundTag)
  location: class ItemStack
C:\Users\Lazar\Documents\mcmods\Mi-SpaceCraft\src\main\java\com\lazzzzz\mispacecraft\blockentity\ExampleMachineBlockEntity.java:171: 
error: incompatible types: Optional<Integer> cannot be converted to int
        progress = tag.getInt("progress");
                             ^
C:\Users\Lazar\Documents\mcmods\Mi-SpaceCraft\src\main\java\com\lazzzzz\mispacecraft\blockentity\ExampleMachineBlockEntity.java:172: 
error: incompatible types: Optional<Integer> cannot be converted to int
        energy = tag.getInt("energy");
                           ^
C:\Users\Lazar\Documents\mcmods\Mi-SpaceCraft\src\main\java\com\lazzzzz\mispacecraft\core\registry\ModBiomes.java:22: error: cannot 
find symbol
            ResourceLocation.fromNamespaceAndPath(MiSpaceCraft.MOD_ID, "moon")
            ^
  symbol:   variable ResourceLocation
  location: class ModBiomes
C:\Users\Lazar\Documents\mcmods\Mi-SpaceCraft\src\main\java\com\lazzzzz\mispacecraft\core\registry\ModBiomes.java:30: error: cannot 
find symbol
            ResourceLocation.fromNamespaceAndPath(MiSpaceCraft.MOD_ID, "deep_space")
            ^
  symbol:   variable ResourceLocation
  location: class ModBiomes
C:\Users\Lazar\Documents\mcmods\Mi-SpaceCraft\src\main\java\com\lazzzzz\mispacecraft\core\registry\ModBlockEntities.java:27: error: 
cannot find symbol
                    () -> BlockEntityType.Builder.of(
                                         ^
  symbol:   variable Builder
  location: class BlockEntityType
C:\Users\Lazar\Documents\mcmods\Mi-SpaceCraft\src\main\java\com\lazzzzz\mispacecraft\core\registry\ModDimensions.java:23: error: cannot 
find symbol
            ResourceLocation.fromNamespaceAndPath(MiSpaceCraft.MOD_ID, "space")
            ^
  symbol:   variable ResourceLocation
  location: class ModDimensions
C:\Users\Lazar\Documents\mcmods\Mi-SpaceCraft\src\main\java\com\lazzzzz\mispacecraft\core\registry\ModDimensions.java:33: error: cannot 
find symbol
            ResourceLocation.fromNamespaceAndPath(MiSpaceCraft.MOD_ID, "space")
            ^
  symbol:   variable ResourceLocation
  location: class ModDimensions
C:\Users\Lazar\Documents\mcmods\Mi-SpaceCraft\src\main\java\com\lazzzzz\mispacecraft\datagen\DataGenerators.java:31: error: no suitable 
method found for addProvider(ModLanguageProvider)
        generator.addProvider(new ModLanguageProvider(output, "en_us"));
                 ^
    method DataGenerator.<T#1>addProvider(boolean,Factory<T#1>) is not applicable
      (cannot infer type-variable(s) T#1
        (actual and formal argument lists differ in length))
    method DataGenerator.<T#2>addProvider(boolean,T#2) is not applicable
      (cannot infer type-variable(s) T#2
        (actual and formal argument lists differ in length))
  where T#1,T#2 are type-variables:
    T#1 extends DataProvider declared in method <T#1>addProvider(boolean,Factory<T#1>)
    T#2 extends DataProvider declared in method <T#2>addProvider(boolean,T#2)
C:\Users\Lazar\Documents\mcmods\Mi-SpaceCraft\src\main\java\com\lazzzzz\mispacecraft\datagen\DataGenerators.java:43: error: no suitable 
method found for addProvider(ModLootTableProvider)
        generator.addProvider(new ModLootTableProvider(output, lookupProvider));
                 ^
    method DataGenerator.<T#1>addProvider(boolean,Factory<T#1>) is not applicable
      (cannot infer type-variable(s) T#1
        (actual and formal argument lists differ in length))
    method DataGenerator.<T#2>addProvider(boolean,T#2) is not applicable
      (cannot infer type-variable(s) T#2
        (actual and formal argument lists differ in length))
  where T#1,T#2 are type-variables:
    T#1 extends DataProvider declared in method <T#1>addProvider(boolean,Factory<T#1>)

[Incubating] Problems report is available at: file:///C:/Users/Lazar/Documents/mcmods/Mi-SpaceCraft/build/reports/problems/problems-report.html
    T#2 extends DataProvider declared in method <T#2>addProvider(boolean,T#2)
C:\Users\Lazar\Documents\mcmods\Mi-SpaceCraft\src\main\java\com\lazzzzz\mispacecraft\datagen\DataGenerators.java:46: error: no suitable 
method found for addProvider(ModWorldGenProvider)
        generator.addProvider(new ModWorldGenProvider(output, lookupProvider));
                 ^
    method DataGenerator.<T#1>addProvider(boolean,Factory<T#1>) is not applicable
      (cannot infer type-variable(s) T#1
        (actual and formal argument lists differ in length))
    method DataGenerator.<T#2>addProvider(boolean,T#2) is not applicable
      (cannot infer type-variable(s) T#2
        (actual and formal argument lists differ in length))
  where T#1,T#2 are type-variables:
    T#1 extends DataProvider declared in method <T#1>addProvider(boolean,Factory<T#1>)
    T#2 extends DataProvider declared in method <T#2>addProvider(boolean,T#2)
C:\Users\Lazar\Documents\mcmods\Mi-SpaceCraft\src\main\java\com\lazzzzz\mispacecraft\datagen\ModWorldGenProvider.java:52: error: cannot 
find symbol
                .fogColor(0x1a1a2e)
                ^
  symbol:   method fogColor(int)
  location: class Builder
C:\Users\Lazar\Documents\mcmods\Mi-SpaceCraft\src\main\java\com\lazzzzz\mispacecraft\datagen\ModWorldGenProvider.java:75: error: cannot 
find symbol
                .fogColor(0x000000)
                ^
  symbol:   method fogColor(int)
  location: class Builder
C:\Users\Lazar\Documents\mcmods\Mi-SpaceCraft\src\main\java\com\lazzzzz\mispacecraft\datagen\ModWorldGenProvider.java:107: error: 
cannot find symbol
                BuiltinDimensionTypes.OVERWORLD_EFFECTS,
                                     ^
  symbol:   variable OVERWORLD_EFFECTS
  location: class BuiltinDimensionTypes
C:\Users\Lazar\Documents\mcmods\Mi-SpaceCraft\src\main\java\com\lazzzzz\mispacecraft\datagen\ModWorldGenProvider.java:109: error: 
constructor MonsterSettings in record MonsterSettings cannot be applied to given types;
                new DimensionType.MonsterSettings(false, false, ConstantInt.of(0), 0)
                ^
  required: IntProvider,int
  found:    boolean,boolean,ConstantInt,int
  reason: actual and formal argument lists differ in length
Note: C:\Users\Lazar\Documents\mcmods\Mi-SpaceCraft\src\main\java\com\lazzzzz\mispacecraft\item\ExampleItem.java uses or overrides a 
deprecated API.
Note: Recompile with -Xlint:deprecation for details.
29 errors
3 warnings

FAILURE: Build failed with an exception.

* What went wrong:
Execution failed for task ':compileJava'.
> Compilation failed; see the compiler output below.
  Note: C:\Users\Lazar\Documents\mcmods\Mi-SpaceCraft\src\main\java\com\lazzzzz\mispacecraft\item\ExampleItem.java uses or overrides a 
deprecated API.
  C:\Users\Lazar\Documents\mcmods\Mi-SpaceCraft\src\main\java\com\lazzzzz\mispacecraft\blockentity\ExampleMachineBlockEntity.java:141: 
error: method saveAdditional in class BlockEntity cannot be applied to given types;
          super.saveAdditional(tag, registries);
               ^
    required: ValueOutput
    found:    CompoundTag,Provider
    reason: actual and formal argument lists differ in length
  C:\Users\Lazar\Documents\mcmods\Mi-SpaceCraft\src\main\java\com\lazzzzz\mispacecraft\blockentity\ExampleMachineBlockEntity.java:159: 
error: method loadAdditional in class BlockEntity cannot be applied to given types;
          super.loadAdditional(tag, registries);
               ^
    required: ValueInput
    found:    CompoundTag,Provider
    reason: actual and formal argument lists differ in length
  C:\Users\Lazar\Documents\mcmods\Mi-SpaceCraft\src\main\java\com\lazzzzz\mispacecraft\blockentity\ExampleMachineBlockEntity.java:162: 
error: method getList in class CompoundTag cannot be applied to given types;
              ListTag items = tag.getList("inventory", 10); // 10 = CompoundTag
                                 ^
    required: String
    found:    String,int
    reason: actual and formal argument lists differ in length
  C:\Users\Lazar\Documents\mcmods\Mi-SpaceCraft\src\main\java\com\lazzzzz\mispacecraft\datagen\ModWorldGenProvider.java:109: error: 
constructor MonsterSettings in record MonsterSettings cannot be applied to given types;
                  new DimensionType.MonsterSettings(false, false, ConstantInt.of(0), 0)
                  ^
    required: IntProvider,int
    found:    boolean,boolean,ConstantInt,int
    reason: actual and formal argument lists differ in length
  C:\Users\Lazar\Documents\mcmods\Mi-SpaceCraft\src\main\java\com\lazzzzz\mispacecraft\datagen\DataGenerators.java:31: error: no 
suitable method found for addProvider(ModLanguageProvider)
          generator.addProvider(new ModLanguageProvider(output, "en_us"));
                   ^
      method DataGenerator.<T#1>addProvider(boolean,Factory<T#1>) is not applicable
        (cannot infer type-variable(s) T#1
          (actual and formal argument lists differ in length))
      method DataGenerator.<T#2>addProvider(boolean,T#2) is not applicable
        (cannot infer type-variable(s) T#2
          (actual and formal argument lists differ in length))
    where T#1,T#2 are type-variables:
      T#1 extends DataProvider declared in method <T#1>addProvider(boolean,Factory<T#1>)
      T#2 extends DataProvider declared in method <T#2>addProvider(boolean,T#2)
  C:\Users\Lazar\Documents\mcmods\Mi-SpaceCraft\src\main\java\com\lazzzzz\mispacecraft\datagen\DataGenerators.java:43: error: no 
suitable method found for addProvider(ModLootTableProvider)
          generator.addProvider(new ModLootTableProvider(output, lookupProvider));
                   ^
      method DataGenerator.<T#1>addProvider(boolean,Factory<T#1>) is not applicable
        (cannot infer type-variable(s) T#1
          (actual and formal argument lists differ in length))
      method DataGenerator.<T#2>addProvider(boolean,T#2) is not applicable
        (cannot infer type-variable(s) T#2
          (actual and formal argument lists differ in length))
    where T#1,T#2 are type-variables:
      T#1 extends DataProvider declared in method <T#1>addProvider(boolean,Factory<T#1>)
      T#2 extends DataProvider declared in method <T#2>addProvider(boolean,T#2)
  C:\Users\Lazar\Documents\mcmods\Mi-SpaceCraft\src\main\java\com\lazzzzz\mispacecraft\datagen\DataGenerators.java:46: error: no 
suitable method found for addProvider(ModWorldGenProvider)
          generator.addProvider(new ModWorldGenProvider(output, lookupProvider));
                   ^
      method DataGenerator.<T#1>addProvider(boolean,Factory<T#1>) is not applicable
        (cannot infer type-variable(s) T#1
          (actual and formal argument lists differ in length))
      method DataGenerator.<T#2>addProvider(boolean,T#2) is not applicable
        (cannot infer type-variable(s) T#2
          (actual and formal argument lists differ in length))
    where T#1,T#2 are type-variables:
      T#1 extends DataProvider declared in method <T#1>addProvider(boolean,Factory<T#1>)
      T#2 extends DataProvider declared in method <T#2>addProvider(boolean,T#2)
  C:\Users\Lazar\Documents\mcmods\Mi-SpaceCraft\src\main\java\com\lazzzzz\mispacecraft\block\ExampleMachineBlock.java:110: error: 
cannot find symbol
          super.onRemove(state, level, pos, newState, movedByPiston);
               ^
    symbol: method onRemove(BlockState,Level,BlockPos,BlockState,boolean)
  Note: Recompile with -Xlint:deprecation for details.
  C:\Users\Lazar\Documents\mcmods\Mi-SpaceCraft\src\main\java\com\lazzzzz\mispacecraft\blockentity\ExampleMachineBlockEntity.java:164: 
error: incompatible types: Optional<CompoundTag> cannot be converted to CompoundTag
                  CompoundTag itemTag = items.getCompound(i);
                                                         ^
  C:\Users\Lazar\Documents\mcmods\Mi-SpaceCraft\src\main\java\com\lazzzzz\mispacecraft\blockentity\ExampleMachineBlockEntity.java:165: 
error: incompatible types: Optional<Integer> cannot be converted to int
                  int slot = itemTag.getInt("Slot");
                                           ^
  C:\Users\Lazar\Documents\mcmods\Mi-SpaceCraft\src\main\java\com\lazzzzz\mispacecraft\blockentity\ExampleMachineBlockEntity.java:171: 
error: incompatible types: Optional<Integer> cannot be converted to int
          progress = tag.getInt("progress");
                               ^
  C:\Users\Lazar\Documents\mcmods\Mi-SpaceCraft\src\main\java\com\lazzzzz\mispacecraft\blockentity\ExampleMachineBlockEntity.java:172: 
error: incompatible types: Optional<Integer> cannot be converted to int
          energy = tag.getInt("energy");
                             ^
  C:\Users\Lazar\Documents\mcmods\Mi-SpaceCraft\src\main\java\com\lazzzzz\mispacecraft\core\registry\ModBiomes.java:6: error: cannot 
find symbol
  import net.minecraft.resources.ResourceLocation;
                                ^
    symbol:   class ResourceLocation
    location: package net.minecraft.resources
  C:\Users\Lazar\Documents\mcmods\Mi-SpaceCraft\src\main\java\com\lazzzzz\mispacecraft\core\registry\ModDimensions.java:6: error: 
cannot find symbol
  import net.minecraft.resources.ResourceLocation;
                                ^
    symbol:   class ResourceLocation
    location: package net.minecraft.resources
  C:\Users\Lazar\Documents\mcmods\Mi-SpaceCraft\src\main\java\com\lazzzzz\mispacecraft\datagen\DataGenerators.java:22: error: cannot 
find symbol
  @EventBusSubscriber(modid = MiSpaceCraft.MOD_ID, bus = EventBusSubscriber.Bus.MOD)
                                                                           ^
    symbol:   variable Bus
    location: @interface EventBusSubscriber
  C:\Users\Lazar\Documents\mcmods\Mi-SpaceCraft\src\main\java\com\lazzzzz\mispacecraft\core\registry\ModBiomes.java:22: error: cannot 
find symbol
              ResourceLocation.fromNamespaceAndPath(MiSpaceCraft.MOD_ID, "moon")
              ^
    symbol:   variable ResourceLocation
    location: class ModBiomes
  C:\Users\Lazar\Documents\mcmods\Mi-SpaceCraft\src\main\java\com\lazzzzz\mispacecraft\core\registry\ModBiomes.java:30: error: cannot 
find symbol
              ResourceLocation.fromNamespaceAndPath(MiSpaceCraft.MOD_ID, "deep_space")
              ^
    symbol:   variable ResourceLocation
    location: class ModBiomes
  C:\Users\Lazar\Documents\mcmods\Mi-SpaceCraft\src\main\java\com\lazzzzz\mispacecraft\core\registry\ModBlockEntities.java:27: error: 
cannot find symbol
                      () -> BlockEntityType.Builder.of(
                                           ^
    symbol:   variable Builder
    location: class BlockEntityType
  C:\Users\Lazar\Documents\mcmods\Mi-SpaceCraft\src\main\java\com\lazzzzz\mispacecraft\core\registry\ModDimensions.java:23: error: 
cannot find symbol
              ResourceLocation.fromNamespaceAndPath(MiSpaceCraft.MOD_ID, "space")
              ^
    symbol:   variable ResourceLocation
    location: class ModDimensions
  C:\Users\Lazar\Documents\mcmods\Mi-SpaceCraft\src\main\java\com\lazzzzz\mispacecraft\core\registry\ModDimensions.java:33: error: 
cannot find symbol
              ResourceLocation.fromNamespaceAndPath(MiSpaceCraft.MOD_ID, "space")
              ^
    symbol:   variable ResourceLocation
    location: class ModDimensions
  C:\Users\Lazar\Documents\mcmods\Mi-SpaceCraft\src\main\java\com\lazzzzz\mispacecraft\datagen\ModWorldGenProvider.java:107: error: 
cannot find symbol
                  BuiltinDimensionTypes.OVERWORLD_EFFECTS,
                                       ^
    symbol:   variable OVERWORLD_EFFECTS
    location: class BuiltinDimensionTypes
  C:\Users\Lazar\Documents\mcmods\Mi-SpaceCraft\src\main\java\com\lazzzzz\mispacecraft\block\ExampleMachineBlock.java:102: error: 
method does not override or implement a method from a supertype
      @Override
      ^
  C:\Users\Lazar\Documents\mcmods\Mi-SpaceCraft\src\main\java\com\lazzzzz\mispacecraft\blockentity\ExampleMachineBlockEntity.java:139: 
error: method does not override or implement a method from a supertype
      @Override
      ^
  C:\Users\Lazar\Documents\mcmods\Mi-SpaceCraft\src\main\java\com\lazzzzz\mispacecraft\blockentity\ExampleMachineBlockEntity.java:157: 
error: method does not override or implement a method from a supertype
      @Override
      ^
  C:\Users\Lazar\Documents\mcmods\Mi-SpaceCraft\src\main\java\com\lazzzzz\mispacecraft\blockentity\ExampleMachineBlockEntity.java:40: 
warning: [removal] ItemStackHandler in net.neoforged.neoforge.items has been deprecated and marked for removal
      private final ItemStackHandler inventory = new ItemStackHandler(INVENTORY_SIZE) {
                    ^
  C:\Users\Lazar\Documents\mcmods\Mi-SpaceCraft\src\main\java\com\lazzzzz\mispacecraft\blockentity\ExampleMachineBlockEntity.java:40: 
warning: [removal] ItemStackHandler in net.neoforged.neoforge.items has been deprecated and marked for removal
      private final ItemStackHandler inventory = new ItemStackHandler(INVENTORY_SIZE) {
                                                     ^
  C:\Users\Lazar\Documents\mcmods\Mi-SpaceCraft\src\main\java\com\lazzzzz\mispacecraft\blockentity\ExampleMachineBlockEntity.java:99: 
warning: [removal] ItemStackHandler in net.neoforged.neoforge.items has been deprecated and marked for removal
      public ItemStackHandler getInventory() {
             ^
  C:\Users\Lazar\Documents\mcmods\Mi-SpaceCraft\src\main\java\com\lazzzzz\mispacecraft\datagen\DataGenerators.java:22: error: cannot 
find symbol
  @EventBusSubscriber(modid = MiSpaceCraft.MOD_ID, bus = EventBusSubscriber.Bus.MOD)
                                                   ^
    symbol:   method bus()
    location: @interface EventBusSubscriber
  C:\Users\Lazar\Documents\mcmods\Mi-SpaceCraft\src\main\java\com\lazzzzz\mispacecraft\blockentity\ExampleMachineBlockEntity.java:149: 
error: cannot find symbol
                  items.add(stack.save(registries, itemTag));
                                 ^
    symbol:   method save(Provider,CompoundTag)
    location: variable stack of type ItemStack
  C:\Users\Lazar\Documents\mcmods\Mi-SpaceCraft\src\main\java\com\lazzzzz\mispacecraft\blockentity\ExampleMachineBlockEntity.java:167: 
error: cannot find symbol
                      inventory.setStackInSlot(slot, ItemStack.parse(registries, itemTag).orElse(ItemStack.EMPTY));
                                                              ^
    symbol:   method parse(Provider,CompoundTag)
    location: class ItemStack
  C:\Users\Lazar\Documents\mcmods\Mi-SpaceCraft\src\main\java\com\lazzzzz\mispacecraft\datagen\ModWorldGenProvider.java:52: error: 
cannot find symbol
                  .fogColor(0x1a1a2e)
                  ^
    symbol:   method fogColor(int)
    location: class Builder
  C:\Users\Lazar\Documents\mcmods\Mi-SpaceCraft\src\main\java\com\lazzzzz\mispacecraft\datagen\ModWorldGenProvider.java:75: error: 
cannot find symbol
                  .fogColor(0x000000)
                  ^
    symbol:   method fogColor(int)
    location: class Builder
  29 errors
  3 warnings

* Try:
> Check your code and dependencies to fix the compilation error(s)
> Run with --scan to generate a Build Scan (powered by Develocity).

BUILD FAILED in 2s

Deprecated Gradle features were used in this build, making it incompatible with Gradle 10.

You can use '--warning-mode all' to show the individual deprecation warnings and determine if they come from your own scripts or plugins.

For more on this, please refer to https://docs.gradle.org/9.2.1/userguide/command_line_interface.html#sec:command_line_warnings in the Gradle documentation.
18 actionable tasks: 1 executed, 17 up-to-date
